Rajamanoheryogi@RamullakotaRajendra MINGW64 ~/k8s/test (raja)
$ cat>>a1
sdfsdf
dfsdf

Rajamanoheryogi@RamullakotaRajendra MINGW64 ~/k8s/test (raja)
$ git add .
warning: LF will be replaced by CRLF in a1.
The file will have its original line endings in your working directory

Rajamanoheryogi@RamullakotaRajendra MINGW64 ~/k8s/test (raja)
$ git coommit -am "branch merge"
git: 'coommit' is not a git command. See 'git --help'.

The most similar command is
        commit

Rajamanoheryogi@RamullakotaRajendra MINGW64 ~/k8s/test (raja)
$ git status
On branch raja
Changes to be committed:
  (use "git reset HEAD <file>..." to unstage)

        modified:   a1


Rajamanoheryogi@RamullakotaRajendra MINGW64 ~/k8s/test (raja)
$ git commit -am "branch merge"
[raja 71e6c7e] branch merge
 1 file changed, 2 insertions(+)

Rajamanoheryogi@RamullakotaRajendra MINGW64 ~/k8s/test (raja)
$ git status
On branch raja
nothing to commit, working tree clean

Rajamanoheryogi@RamullakotaRajendra MINGW64 ~/k8s/test (raja)
$ git checkout master
Switched to branch 'master'
Your branch is ahead of 'origin/master' by 3 commits.
  (use "git push" to publish your local commits)

Rajamanoheryogi@RamullakotaRajendra MINGW64 ~/k8s/test (master)
$ ls
a1  b1          docs/  kubespray-vagrant-env/  misc/     README.md              yamls/
a2  dashboard/  f1     lxd-provisioning/       rancher/  vagrant-provisioning/

Rajamanoheryogi@RamullakotaRajendra MINGW64 ~/k8s/test (master)
$ cat a1
<<<<<<< HEAD
44
444444
sdfsdf
sdsfsdfsd
sdsfsdf
first edited in gitbash
add and commit
not pused
after goto github
add and commit
check push and pull
=======
git hub written
files are deleted
new lines are added

=======

git hub written
files are deleted
new lines are added
check the merge
>>>>>>> 7596d5670731508987477aff5052018c11b1d981

Rajamanoheryogi@RamullakotaRajendra MINGW64 ~/k8s/test (master)
$ git merge raja
Auto-merging a1
CONFLICT (content): Merge conflict in a1
Automatic merge failed; fix conflicts and then commit the result.

Rajamanoheryogi@RamullakotaRajendra MINGW64 ~/k8s/test (master|MERGING)
$ cat a1
<<<<<<< HEAD
<<<<<<< HEAD
44
444444
sdfsdf
sdsfsdfsd
sdsfsdf
first edited in gitbash
add and commit
not pused
after goto github
add and commit
check push and pull
=======
git hub written
files are deleted
new lines are added

=======

git hub written
files are deleted
new lines are added
check the merge
>>>>>>> 7596d5670731508987477aff5052018c11b1d981
=======
sdfsdf
dfsdf
>>>>>>> raja

Rajamanoheryogi@RamullakotaRajendra MINGW64 ~/k8s/test (master|MERGING)
$ git checkout raja
error: you need to resolve your current index first
a1: needs merge

Rajamanoheryogi@RamullakotaRajendra MINGW64 ~/k8s/test (master|MERGING)
$

Rajamanoheryogi@RamullakotaRajendra MINGW64 ~/k8s/test (master|MERGING)
$ git status
On branch master
Your branch is ahead of 'origin/master' by 3 commits.
  (use "git push" to publish your local commits)

You have unmerged paths.
  (fix conflicts and run "git commit")
  (use "git merge --abort" to abort the merge)

Unmerged paths:
  (use "git add <file>..." to mark resolution)

        both modified:   a1

no changes added to commit (use "git add" and/or "git commit -a")

Rajamanoheryogi@RamullakotaRajendra MINGW64 ~/k8s/test (master|MERGING)
$ git commit -a
[master 758992d] Merge branch 'raja'

Rajamanoheryogi@RamullakotaRajendra MINGW64 ~/k8s/test (master)
$ git checkout raja
Switched to branch 'raja'

Rajamanoheryogi@RamullakotaRajendra MINGW64 ~/k8s/test (raja)
$ ls
a1  a2  b1  README.md

Rajamanoheryogi@RamullakotaRajendra MINGW64 ~/k8s/test (raja)
$
